
> narinyland-virtual-pet@0.1.0 build
> next build

Γû▓ Next.js 16.1.6 (Turbopack)
- Environments: .env

node.exe : ΓÜá The 
"middleware" file convention 
is deprecated. Please use 
"proxy" instead. Learn more: 
https://nextjs.org/docs/messa
ges/middleware-to-proxy
At line:1 char:1
+ & "C:\Program 
Files\nodejs/node.exe" 
"C:\Program 
Files\nodejs/node_mo ...
+ ~~~~~~~~~~~~~~~~~~~~~~~~~~~
~~~~~~~~~~~~~~~~~~~~~~~~~~~~~
~~~~~~~~~~~~~
    + CategoryInfo           
   : NotSpecified: (ΓÜá The  
   "middle...leware-to-pro   
 xy:String) [], RemoteExc    
eption
    + FullyQualifiedErrorId  
   : NativeCommandError
 
  Creating an optimized production build ...

> Build error occurred
Error: Turbopack build 
failed with 2 errors:
./components/LoveTree3D.tsx:1
3:1
Export LeafExplosion doesn't 
exist in target module
[0m [90m 11 |[39m 
[36mimport[39m { 
[33mTHEMES[39m } 
[36mfrom[39m [32m'./3d/Gar
denConstants'[39m[33m;[39m
 [90m 12 |[39m 
[36mimport[39m { 
[33mPet3D[39m } 
[36mfrom[39m [32m'./3d/Pet
'[39m[33m;[39m
[31m[1m>[22m[39m[90m 13 
|[39m [36mimport[39m { 
[33mTree[39m[33m,[39m 
[33mLeafExplosion[39m } 
[36mfrom[39m [32m'./3d/Tre
e'[39m[33m;[39m
 [90m    |[39m [31m[1m^[
22m[39m[31m[1m^[22m[39m
[31m[1m^[22m[39m[31m[1m^
[22m[39m[31m[1m^[22m[39
m[31m[1m^[22m[39m[31m[1
m^[22m[39m[31m[1m^[22m[
39m[31m[1m^[22m[39m[31m
[1m^[22m[39m[31m[1m^[22m
[39m[31m[1m^[22m[39m[31
m[1m^[22m[39m[31m[1m^[2
2m[39m[31m[1m^[22m[39m[
31m[1m^[22m[39m[31m[1m^
[22m[39m[31m[1m^[22m[39m
[31m[1m^[22m[39m[31m[1m
^[22m[39m[31m[1m^[22m[3
9m[31m[1m^[22m[39m[31m[
1m^[22m[39m[31m[1m^[22m
[39m[31m[1m^[22m[39m[31m
[1m^[22m[39m[31m[1m^[22
m[39m[31m[1m^[22m[39m[3
1m[1m^[22m[39m[31m[1m^[
22m[39m[31m[1m^[22m[39m
[31m[1m^[22m[39m[31m[1m^
[22m[39m[31m[1m^[22m[39
m[31m[1m^[22m[39m[31m[1
m^[22m[39m[31m[1m^[22m[
39m[31m[1m^[22m[39m[31m
[1m^[22m[39m[31m[1m^[22m
[39m[31m[1m^[22m[39m[31
m[1m^[22m[39m[31m[1m^[2
2m[39m[31m[1m^[22m[39m[
31m[1m^[22m[39m[31m[1m^
[22m[39m[31m[1m^[22m[39m
[31m[1m^[22m[39m
 [90m 14 |[39m 
[36mimport[39m { 
[33mFlower[39m } 
[36mfrom[39m [32m'./3d/Flo
wer'[39m[33m;[39m
 [90m 15 |[39m 
[36mimport[39m { 
[33mTerrain[39m[33m,[39m 
[33mGrass[39m[33m,[39m 
[33mPond[39m[33m,[39m [3
3mStonePath[39m[33m,[39m 
[33mGardenProp[39m } 
[36mfrom[39m [32m'./3d/Gar
denProps'[39m[33m;[39m
 [90m 16 |[39m 
[36mimport[39m { [33mButte
rfly[39m[33m,[39m 
[33mBird[39m[33m,[39m [3
3mFallingLeaf[39m[33m,[39m
 [33mFloatingText[39m[33m,
[39m [33mFireflies[39m[33
m,[39m 
[33mFallingPetals[39m } 
[36mfrom[39m [32m'./3d/Env
ironment'[39m[33m;[39m[0m

The export LeafExplosion was 
not found in module [project]
/components/3d/Tree.tsx 
[app-client] (ecmascript).
Did you mean to import 
TreeContent?
All exports of the module 
are statically known (It 
doesn't have dynamic 
exports). So it's known 
statically that the 
requested export doesn't 
exist.

Import traces:
  Client Component Browser:
    
./components/LoveTree3D.tsx 
[Client Component Browser]
    
./components/LoveTree.tsx 
[Client Component Browser]
    ./app/page.tsx [Client 
Component Browser]
    ./app/page.tsx [Server 
Component]

  Client Component SSR:
    
./components/LoveTree3D.tsx 
[Client Component SSR]
    
./components/LoveTree.tsx 
[Client Component SSR]
    ./app/page.tsx [Client 
Component SSR]
    ./app/page.tsx [Server 
Component]


./components/LoveTree3D.tsx:1
3:1
Export LeafExplosion doesn't 
exist in target module
[0m [90m 11 |[39m 
[36mimport[39m { 
[33mTHEMES[39m } 
[36mfrom[39m [32m'./3d/Gar
denConstants'[39m[33m;[39m
 [90m 12 |[39m 
[36mimport[39m { 
[33mPet3D[39m } 
[36mfrom[39m [32m'./3d/Pet
'[39m[33m;[39m
[31m[1m>[22m[39m[90m 13 
|[39m [36mimport[39m { 
[33mTree[39m[33m,[39m 
[33mLeafExplosion[39m } 
[36mfrom[39m [32m'./3d/Tre
e'[39m[33m;[39m
 [90m    |[39m [31m[1m^[
22m[39m[31m[1m^[22m[39m
[31m[1m^[22m[39m[31m[1m^
[22m[39m[31m[1m^[22m[39
m[31m[1m^[22m[39m[31m[1
m^[22m[39m[31m[1m^[22m[
39m[31m[1m^[22m[39m[31m
[1m^[22m[39m[31m[1m^[22m
[39m[31m[1m^[22m[39m[31
m[1m^[22m[39m[31m[1m^[2
2m[39m[31m[1m^[22m[39m[
31m[1m^[22m[39m[31m[1m^
[22m[39m[31m[1m^[22m[39m
[31m[1m^[22m[39m[31m[1m
^[22m[39m[31m[1m^[22m[3
9m[31m[1m^[22m[39m[31m[
1m^[22m[39m[31m[1m^[22m
[39m[31m[1m^[22m[39m[31m
[1m^[22m[39m[31m[1m^[22
m[39m[31m[1m^[22m[39m[3
1m[1m^[22m[39m[31m[1m^[
22m[39m[31m[1m^[22m[39m
[31m[1m^[22m[39m[31m[1m^
[22m[39m[31m[1m^[22m[39
m[31m[1m^[22m[39m[31m[1
m^[22m[39m[31m[1m^[22m[
39m[31m[1m^[22m[39m[31m
[1m^[22m[39m[31m[1m^[22m
[39m[31m[1m^[22m[39m[31
m[1m^[22m[39m[31m[1m^[2
2m[39m[31m[1m^[22m[39m[
31m[1m^[22m[39m[31m[1m^
[22m[39m[31m[1m^[22m[39m
[31m[1m^[22m[39m
 [90m 14 |[39m 
[36mimport[39m { 
[33mFlower[39m } 
[36mfrom[39m [32m'./3d/Flo
wer'[39m[33m;[39m
 [90m 15 |[39m 
[36mimport[39m { 
[33mTerrain[39m[33m,[39m 
[33mGrass[39m[33m,[39m 
[33mPond[39m[33m,[39m [3
3mStonePath[39m[33m,[39m 
[33mGardenProp[39m } 
[36mfrom[39m [32m'./3d/Gar
denProps'[39m[33m;[39m
 [90m 16 |[39m 
[36mimport[39m { [33mButte
rfly[39m[33m,[39m 
[33mBird[39m[33m,[39m [3
3mFallingLeaf[39m[33m,[39m
 [33mFloatingText[39m[33m,
[39m [33mFireflies[39m[33
m,[39m 
[33mFallingPetals[39m } 
[36mfrom[39m [32m'./3d/Env
ironment'[39m[33m;[39m[0m

The export LeafExplosion was 
not found in module [project]
/components/3d/Tree.tsx 
[app-ssr] (ecmascript).
Did you mean to import 
TreeContent?
All exports of the module 
are statically known (It 
doesn't have dynamic 
exports). So it's known 
statically that the 
requested export doesn't 
exist.

Import traces:
  Client Component Browser:
    
./components/LoveTree3D.tsx 
[Client Component Browser]
    
./components/LoveTree.tsx 
[Client Component Browser]
    ./app/page.tsx [Client 
Component Browser]
    ./app/page.tsx [Server 
Component]

  Client Component SSR:
    
./components/LoveTree3D.tsx 
[Client Component SSR]
    
./components/LoveTree.tsx 
[Client Component SSR]
    ./app/page.tsx [Client 
Component SSR]
    ./app/page.tsx [Server 
Component]


    at <unknown> (./component
s/LoveTree3D.tsx:13:1)
    at <unknown> (./component
s/LoveTree3D.tsx:13:1)
